282f9c7c6a38ef01dc024e22561b91a550f3670fe51e12ecc9a6ab43f60a98eb 2026-09-18T11:03:25Z accounting@0.2.0 publisher=stuff8 digest=a65dcc6d47973232385b4a7eb4e61b6e56d261c1cdb870aa43cd8400d8717aee sig=yvURXpCsfwPsUxAEOuDo5b8J0KcUWGMOafMZHYIRp3TqcrWMZNi5FMJ3GKjzhHbbX8jf/6HT8uH1hLVcPSceBg==
fec45cdfc5fc1c9b0e24be0db1c65913eac2a4b0c93d2276696aeb045d3dcf29 2026-09-21T04:19:19Z auth@3.10.0 publisher=stuff8 digest=225f5b171d9021656ab99a585f3becd63c3f86e305c76605dfbf5b46af31b930 sig=ES16PgL2US4KWk02yZiMQ/bN5kNPs2Tz7RlVIvF7RTQ14jaHSig5cQcukwrCU5bjV75U23NFv1/gOgGUEvA/Cg==
1933d3ecb516dc52bcebd40e9bc9e5af50e6c97b8ed3ddf7384a4fbb4ac82a33 2026-09-21T05:15:44Z gateway@3.2.0 publisher=stuff8 digest=96aa5f5576e33849a5c6f0ed7b3a7b3e678ca0d626c7f4541374228ce237aa82 sig=XaRePIqwA4klDX7n6SV0bXGFnK/rz+FwKkSbPwxcsBzsCnYC/B42TJYT8IeJ+NZsxD3eyDJPMBGqAonD5KmFAQ==
df854992449935b0da8e76bea521c74d86f8339edf7c5192a15ced64f2bfe419 2026-09-22T00:17:43Z compose@0.1.0 publisher=getecosphere digest=9803fef9a1a406390100936a5cfb713d235bb018731c3cdc0b9ee657da13f6fa sig=qj3wz7Qyuun+EFLcsH9gSyUH7yR7hOPEIUvNNlDPhgQfPg0xXOHBw8xoSwHVDVbJH4pr7U2+Mjr4Q9NDQe8uCw==
6d949a71e536b6982d392b6cef6470903bb440f80651b77b39907949d7484fb6 2026-09-22T00:18:46Z compose@0.1.1 publisher=getecosphere digest=44d74818b297151958cae81a1190a2daf80248434760d25b5fa5e73f139b1bbf sig=ohpO4hQPTerVNrgtbwWyTww9OnD8VsuRHuZZNOHSzuc4it2n5WHxALFblNC2J+5ciFjgrECkffnlXKzBbcNVAw==
3310395b3363bd8340b76cfc796abaf2d08016f21f1e7ea21a42376fa667681d 2026-09-22T00:27:54Z compose@0.1.2 publisher=getecosphere digest=2356f7d59342539c18593de1f10dc3c15d7ef8a6b391bc5812730df6ea143407 sig=0IIjotaotuza4hN+eHQR5Ph5Soiw4KirWx/xEjaA0tJqL6Or5QdAfPOGPzygoxeu3av1HnXhw0hvK9NfyQ9pDQ==
1002ac8fd45180a1853f2ed54176197d8ef9c7e20c69fe34de40ee1eb6e53d43 2026-09-22T00:29:47Z compose@0.1.3 publisher=getecosphere digest=8b72974420fde8c46a269bdb84a143e05682d6854f9aef9533b15cc6aba72379 sig=kpyLzKHyp7aRhAcDX48ajuZiLWvm2fgIfBRstu9ahawnb3UABDqm14Ozx9F4XShW7rrWV+N7iUljM0jk9khdBw==
dd906a4d181505e99cd5b2e3782fd3d7dbac0067dab4a4bc191b367dfe8522e6 2026-09-22T00:30:38Z compose@0.1.4 publisher=getecosphere digest=5e2d0e5f1c715ddbfbc7f011790e469e389ccdec55de59b1e87e6e7aea422aef sig=nfh7/Pj/ByAgyYtx6ZucTKq6Fo/M3weAl1XaXc5rg9tE2iKZv14h+iEDYjgE3cfpPg5WDA0GNuN0NYZEYI/bBA==
15cf82901448e3a8876938221e18a5fbd010c17c632c658bed8e91c0f3c7f50a 2026-09-22T01:02:40Z compose@0.2.0 publisher=getecosphere digest=a9e2d21d175a047a6e0c598a09eb11f243dbe9eb5c7e459ef8684d3a30e8d019 sig=PwBGaOKsG2XhF7+grdqsZXzGgAbvrarkoH4wjmDTFp4t8YsCOKlqrtQxumPCd/eWD7FsMeCNRMEIMhWYbg/HCA==
4c4c6310761a11da4bbf9aa766f865bc841d08fdefa44dc387066be3f698fd61 2026-09-22T04:13:03Z compose@0.3.0 publisher=getecosphere digest=1cd5c25d229e3b6e2351419bb516a0ae784b660c15a639ed939b796a360dc06e sig=JhjjsswhFnuFmYPuBoFX/hfRs7KjWb6N5IlKtF7aEUqSOWw9gM5iXeAycpVFr1ZTQ/kxeSw19cwQiatMINioBQ==
19565083e37f083c398b9ee535e64516eb147d09d9b934a1ae5f6b19d2a05ce1 2026-09-22T23:20:42Z gameserver@0.1.0 publisher=kelastanpatembok digest=3d4d347532aef76a0af28384399ce7bf746f300b5c429d7115126e51ab6c4fff sig=LGPZH+OzZPwQFcTC7SPIIiqxlwt5eh3x/LmprgekXXny4MomW+olnNzm1iUDdvIhrnDQV2HM4ioRjdyMiCEsBg==
aebcfb25351a2c268b2b1c251e255459b6567f4db402714bb5d81f2e7e70a1ae 2026-09-22T23:21:43Z compose@0.4.0 publisher=getecosphere digest=f31cdcc761ed3eaf5603922534bf6f43556c8fd48ab1171ace25c61a32ff10e6 sig=e89t0Pho0qwCxff6LtsEv2FsQkVXTXMECDfG1YBUgcrRyVUjydmWa/wxvpHEGQNtvH4gVTZ8DYV/RXtAx6buCQ==
ce1575b99d5f107099aa4832bb6f9713f37f9669e658a4fcd7b4f458a5155475 2026-09-22T23:29:12Z compose@0.4.1 publisher=getecosphere digest=ad3b0cedf0822793b65e786628cb663b67c42a8f4bf72bed02724534b8c4288e sig=AGAjVqsfrJ7ifw5TlGRvoMIqvk6EhxrY1fsIG48sDGfbeADD0E8HRUYMgbOY1ogLSH25m7LyPxdNbLgEppmuCA==
b8a2e9bd4133897a0c2e1e1dd9304db694220b918e6722484c4697dedaafa637 2026-09-22T23:34:13Z compose@0.4.2 publisher=getecosphere digest=d5b20cbfbdd1d57d6d4a5c1acbd72bd198f2799efe9671a12f9db0d218caba62 sig=Hjrt7R8ZIIa24g+BZI1taZtev+bHYawWghQCaO6qUcjxNSKD4zlyXLUEWj25cW2HRRh+ssrbypOgNOHaY1EfBg==
8da6637c90b5a4afdd4746bfc87d0825c06e8f7ac062a38d7c1024d3f7856ac4 2026-09-22T23:36:33Z compose@0.4.3 publisher=getecosphere digest=7010a60dab172b124266ee02c7a60729cfdd6e547fe0a24cc3a183c5af7d1634 sig=tTvP9kWQtDiimwaHJQxB30r7aJOHGnOxBPp8LaPBpo9cDcRn573S0OG/Uge1sU2tWYRTBIYYMk5jd1SFbKpfDg==
36fefb314e8aa54347d77bb06fefbb3c32f9ec40eadc9a5d50f22cd9d8deabf9 2026-09-22T23:56:18Z gameserver@0.1.1 publisher=kelastanpatembok digest=dc43f87927ea46706e336d01cea54b685ab4421a3b99c3ee1f587cf877d6e01b sig=Z9fDcfdqiG+izLFqTwsMq0pr5W5msWUTLjxcZ1j0ZFGaCH1ZugCo8mxzu+1C4GXtmUkti7oN8B23yszAIRT2Dw==
7eb56f71f83123180bf777620d1641a2c0a3c4671ea04b943325a3692c2ba5c2 2026-09-23T00:30:15Z compose@0.5.0 publisher=getecosphere digest=dbe82ca698b24ecfb19f289657331b8e5619718a07b1fbe74ea44069670f0f81 sig=T6lC5VzlKNgA8hHXGn8YzGviQVwYrjfa7Rv4NR+R98AQ8vdOKOINgQiTgCfGnc7AoGNuMNHPH7CtIU4+ay8tDw==
46451e51a99f57e0c7e8d30d7de65f9b3400d9bd2af0e59bc30de6369ad56543 2026-09-23T12:42:24Z compose@0.5.1 publisher=getecosphere digest=461d5ec18336997cd781f1d0f602204078644665f32a42f4207b22cdf4a04d93 sig=yB6UCce0XqyL/N6+Akv2JAcF0oxcpAth/UbCxSSne50esZjt8vkdMT2R4my8SYNOx5gY9L2lddnGKQNSBTz4Cw==
8ae9dc12ee60b4f8dcfa9c97ae993b227140dfe7c1f82754fe414e51ac774a0b 2026-09-23T13:05:39Z compose@0.6.0 publisher=getecosphere digest=cf0a7137e9a9aed6b0512059b91b31a667db7915a3b128000839df43b6d263ff sig=GuNf9QXBF3kSMeClLZ/rrD9CjMTgHgNe7OQmtprRqBc5nNpLOa6DS07L7xGaeG3B7ZTzkZNc2y5Ambg14vXqDA==
d1592f9b9dda053138b69f87ebc6c4611330b73a42bc34fbe386b7e67363e152 2026-09-23T13:08:17Z compose@0.6.1 publisher=getecosphere digest=5b4afa284a4d1a37dc0b69931d84b83bf597135360d8451936194adc84b84d63 sig=1bUuh3dFzCmNBeyItXrp0HLucJMfTJMRDYr3JTu9aT+9gV3dHJRX1J1XRnRcmAfzDko3EjKPRI3oAQHCpfc+Aw==
4ab2d18ea3739a357cd8283a99f0ffea903b21882974ba0e64f13ca3cd00eb8d 2026-09-23T13:29:06Z compose@0.7.0 publisher=getecosphere digest=965a29e3e0c824ab25e4e73effe3a0df3649881376859c569af80b767365f382 sig=IyTnp/i49zzAt9kRZXWV2l+A5Ss3laqlZtRKq2mZXSM2dc4CmT2faK2EuwevDZLFV0Wzn1Eq9DQSprR4J/FdAw==
03f19bd25f06cdf665b9aff04812f2ad0994c433dcca3e1c57d75db6a279a362 2026-09-23T13:44:09Z compose@0.8.0 publisher=getecosphere digest=b81aa1aec12d1fde06374ddeb5558d20aeef81418164167c120972413abaf7e7 sig=qYaFuchkPIeXsmmWm7ILpF44b9MduTTxNWbnmy2zx/8ykO0MMdLFHojGIPDQV2ONK2PAT+x89xZIdAkOSBhlBg==
365f858fbb1fab005e6a69ea9acce53eca719211bdf2d220ae7f6a277bd54c87 2026-09-23T13:47:35Z compose@0.8.1 publisher=getecosphere digest=4fe6929acf3f556cc9ae4555ec465e9d0b6a592561be1e4ea2360afa861c27aa sig=gTSHCd6Pv1GR70PyzpimfxgrD9E1FUmmsfayBdJjdTdboiEFg7BtvRK+zp9DyqE4tIji7VRGzs951PgQMuE5Ag==
b67d8b9e9de11ff1f0a0fbe33256b1ad253f661cd0dbd1d8e4ac4dea0c04168b 2026-09-23T13:48:47Z compose@0.8.2 publisher=getecosphere digest=4d9f87234577f9eb13862bed2b1d51472586c8353533ad30140b82fecebecf66 sig=OLW+7h2jY/Ilgyyt2WqYWCLDJL2ddZpyHTNW3mr5UeG3VBI5WFk5n/klk9a1Y6CjuiOIfQTsTCsUN7GFKLE5DA==
9b6b0e12a818739bdbfd8d3bda040d853df554734adc5720502d160af3124dc2 2026-09-23T13:53:25Z compose@0.9.0 publisher=getecosphere digest=23afa1fdb81954e8dabbc408e0912a530c0d84e282c40bd75fcfa12fb2b19252 sig=W58qNL0zunn/u2C+3ZalQW1DyWe9NBsVWq7cCTwgYCxBFRvXZzT9pj4cYbiyi4hfQyMXjbzV0u3M35qSI4APAg==
5b7c3efed12f0fa878ab7b17973fe743b44acaa3a2f64bfb807f95013a95927a 2026-09-23T14:13:12Z compose@0.9.1 publisher=getecosphere digest=f244db352a13b03731aa6fe53d6b85d154b46a4a595b3a1abd89dfd70c64c2a9 sig=2bemQN3QZEMegC7RHrjVX2jav39KKwEA36xHKIHlYWAJZwKFDI0haWiqKEgtmiZUN+DGxbEtc6IEHf/24yQ8Cw==
635b88fb6bbebdc6521b76b104cab3da563e06cc5c788c271abcedad00054b24 2026-09-23T14:25:28Z compose@0.10.0 publisher=getecosphere digest=72221cc6cedd0b3831f87c94b2e002481400ba0b164a9b9ccf60a02ded0aa004 sig=2usWz8IUSRXTAYTnn2/uSJ6195XtAEH7Bt15hLHw/+S9tqE7/gIUYQlApQ+wl2n25eKmw2Psb2KoTFEhdvdJCA==
e52bc803af618f29ded2b3449a9331b9b652181da90d77fdd8a6a8cdc21ab7e4 2026-09-24T04:34:16Z compose@0.11.0 publisher=getecosphere digest=e761826f49f4b20e568d9a02a2c4c6601ee27abcb88f381c0de6ddeffe3c461f sig=2BjWmp+yLuapiF/gyCCkLPfTLUfmqFvQ1Gwrb/Z/z90c/Rt1NN3U9u+XK9k9wBqSSrUULYGwogNUhzgdjPwyAA==
95cea38cc1695c29f1ea333f9aa9168656e2d93314937e71770c421e2b94bba0 2026-09-24T05:35:47Z telegram@0.7.0 publisher=getecosphere digest=55881ff33296fc8ee09fe550e3e7971350102862e49ee3d04fd4c775f436f926 sig=9eUE0ku+7YJ51+hwxupPEvygVSnwlKRPNa9ePZfamestjncO+rQQMjWyMDkmMZzNpXmRGMQ+DlDfTcBZh7TOCQ==
a42928d93907958f9d640c1ee6861a4a79e4e263422bad84e8bb6309a069f28b 2026-09-24T05:51:55Z telegram@0.8.0 publisher=getecosphere digest=74654bd274d6828881e9d8b8efce2fc54c4c6c5c756d7ccfc576ba6d90db848d sig=YhdEzLhzFH5/Zw5hwI5mNCCFdgogcLU6T1G+SC94riwDskur09lr77YzVz7y9CDGiZNRqV3IUfOa/EB6yTAvBw==
274b385c3f09c6839c210f08e692804de91ab18a077b4523b25efa9fd04d606b 2026-09-25T00:26:12Z analytics@0.1.0 publisher=getecosphere digest=0a6f1130a2c76661a124ce054764bbd42b94947a1e22b61dbd362ea4217f647e sig=w4mmrnJ0+1KyNyCthKrqXUcdh7wz9PjonshqW66M6FMbgLwjo65bd86rfCHK8SHp1cpUoOHa+ms+oJ9NWpgyDQ==
eb638c7e84cba29fff4996e4a83fc78d3f7fa59fe8bdc8084208a65261782b5d 2026-09-25T05:34:10Z analytics@0.2.0 publisher=getecosphere digest=a96e9b717ed4ba09bfea2e18761eb89848942a4c6cf59d2a6fb7eeed865c100f sig=TEKSRbOfAoc6/Dp+efioVa3A2gps30fLw8Wj0dGXp6Nj+0d3mTU+NCldAcchC7ynB9FG4z/9BuQYjnxc0Gb9Dw==
d98632b7fd2299b0baabb40dc4e90c5cc5f8294db82ce8329f596026754ec78a 2026-09-25T21:49:29Z telegram@0.9.0 publisher=getecosphere digest=72715336782b316ae08633dcbe12e85bec6c6b0976715090d4e60750faace3c2 sig=F6eC7k15rJ00n/BmNeLTkQilySFhHzXXnsfXV9KqIlCrHZ+uN9Y2OiDEcGNiYeOx4NCAbBk7RcyE187tlrSFBQ==
2c3e48b384e46ccf341ee4adfe76435bb96bfdbcf6614281c4528eaccfb50251 2026-09-25T21:59:22Z analytics@0.3.0 publisher=getecosphere digest=e9992cf8c1b4a1ed76d1119dc2207436521f22f6ef0f2f57741a0998c92d9270 sig=tYnGGK/TxVBRzh0W70UP/e/f+rc4ruUv24Z5N6F/M4BCNKL1uWp78NsjoZjIl+tIJ9uB9JV+9t6DdU3XRmrDCQ==
b48d9bd87a0e86669439db8375ffaf937d768a7f8d4e165fd17e78362f7144c3 2026-09-25T22:04:11Z analytics@0.3.1 publisher=getecosphere digest=7ed4d18eae98c4e8e96283b63ec844313bf4e16730853a284560ab8f534d98d5 sig=ngmqowozi6Gu4JWOYv1FPZuN3fRvfvjRnsl2/epdEWJsrdVDjI42OmaNsPazYiQBZ+QuIdWGFzOP0bjFI508Aw==
b933e5a313f82b233dfdeed84c08d6c89e874a3ebc4a25a6968913a8ced74679 2026-09-26T08:18:23Z auth@3.12.0 publisher=stuff8 digest=104f0da8a9ba3e591335e18dd2fc1316f387ef8b51a320c9fc1925355ec560d8 sig=H/uprf9ir4lO8e20ytj6NSm7tycg/WKKIm0pe/EtxV9oHmPQVNroemMzwKprMzICnGp1pNjozyJsuUBNLsY2Ag==
987ceaf069b56c2b5db9a24fc18b829df64d56f37a4dc8844028cdcd0cb024c5 2026-09-26T09:53:13Z auth@3.12.1 publisher=stuff8 digest=ed0c71eb25bd16efecd2e5a45f4cd8cd32bf3f5813eb624bb8441c461b410bc1 sig=h7kuU5YDXIjeUdQDqKQ2Ax9OC5ZteX85uIk+HlFH017PboQ8cgbA9FDMQ1PtFJkuVrllFq/WXb+UKi508rB4Ag==
